Invalid date format in row: {'transaction_id': '1', 'date': '20A0-10-26', 'customer_id': '926', 'amount': '6478.39', 'type': 'credit', 'description': 'Expect series shake art again our.'}
